// Jest Snapshot v1, https://jestjs.io/docs/snapshot-testing

exports[`Card 컴포넌트가 정보를 올바르게 표시합니다 1`] = `
<div>
  <div>
    <h2>
      제목
    </h2>
    <p>
      설명
    </p>
    <img
      alt="제목"
      src="https://example.com/image.jpg"
    />
  </div>
</div>
`;
